// Jest Snapshot v1, https://goo.gl/fbAQLP

exports[`Card should render a card 1`] = `
<div
  className="card sc-bdVaJa fxIjnI"
>
  <img
    alt="Card title"
    className="card-img-top"
    src="/picture"
    width="100%"
  />
  <div
    className="card-block"
  >
    <h4
      className="card-title"
    >
      Card title
    </h4>
    <div
      className="card-text"
    >
      Card text
    </div>
  </div>
  <div
    className="card-footer text-muted"
  >
    Card footer
  </div>
</div>
`;
